// Jest Snapshot v1, https://goo.gl/fbAQLP

exports[`#Routes should render correctly 1`] = `
<BrowserRouter>
  <ErrorBoundary>
    <HelmetWrapper
      defer={true}
      encodeSpecialCharacters={true}
    >
      <title>
        RPG
      </title>
    </HelmetWrapper>
    <Switch>
      <Route
        component={[Function]}
        exact={true}
        path="/"
      />
      <Route
        component={[Function]}
      />
    </Switch>
  </ErrorBoundary>
</BrowserRouter>
`;
