// Jest Snapshot v1, https://goo.gl/fbAQLP

exports[`#BadUrlPage render 1`] = `
.c0 {
  position: fixed;
  display: -webkit-box;
  display: -webkit-flex;
  display: -ms-flexbox;
  display: flex;
  -webkit-align-items: center;
  -webkit-box-align: center;
  -ms-flex-align: center;
  align-items: center;
  -webkit-box-pack: center;
  -webkit-justify-content: center;
  -ms-flex-pack: center;
  justify-content: center;
  margin: 0;
  padding: 0;
  width: 100%;
  height: 100%;
  background-color: #010101;
  color: #FFF;
}

.c1 {
  -webkit-align-items: center;
  -webkit-box-align: center;
  -ms-flex-align: center;
  align-items: center;
  -webkit-box-pack: center;
  -webkit-justify-content: center;
  -ms-flex-pack: center;
  justify-content: center;
  font-size: 144px;
}

<div
  className="c0"
>
  <div
    className="c1"
  >
    404
  </div>
</div>
`;
