// Jest Snapshot v1, https://goo.gl/fbAQLP

exports[`#UnknownErrorPage render 1`] = `
<div
  className=""
>
  <div
    className=""
  >
    Something went wrong
  </div>
  <div
    className=""
  >
    
  </div>
</div>
`;
