// Jest Snapshot v1, https://goo.gl/fbAQLP

exports[`#App should render correctly 1`] = `
<ThemeProvider
  theme={
    Object {
      "colors": Object {
        "black": "#010101",
        "orange": "#FFA500",
        "white": "#FFF",
      },
    }
  }
>
  <Routes />
</ThemeProvider>
`;
