// Jest Snapshot v1, https://goo.gl/fbAQLP

exports[`#HomePage render 1`] = `
.c0 {
  display: -webkit-box;
  display: -webkit-flex;
  display: -ms-flexbox;
  display: flex;
  -webkit-flex-direction: column;
  -ms-flex-direction: column;
  flex-direction: column;
  -webkit-align-items: center;
  -webkit-box-align: center;
  -ms-flex-align: center;
  align-items: center;
  -webkit-box-pack: center;
  -webkit-justify-content: center;
  -ms-flex-pack: center;
  justify-content: center;
  padding-top: 40px;
}

.c1 {
  -webkit-align-items: center;
  -webkit-box-align: center;
  -ms-flex-align: center;
  align-items: center;
  -webkit-box-pack: center;
  -webkit-justify-content: center;
  -ms-flex-pack: center;
  justify-content: center;
  font-size: 24px;
  font-weight: 700;
  color: #FFA500;
}

.c2 {
  margin-top: 20px;
}

<div
  className="c0"
>
  <div
    className="c1"
  >
    Oh hai
  </div>
  <img
    alt="Hi"
    className="c2"
    src="test-file-stub"
  />
</div>
`;
